// Jest Snapshot v1, https://goo.gl/fbAQLP

exports[`Smoke test matches snapshot 1`] = `
<div
  className="Card"
>
  <button
    type="button"
  >
    delete
  </button>
  <h3>
    homework
  </h3>
  <p>
    do it
  </p>
</div>
`;
